22 442 14026 16363 16379 28368 41675 46016 48260 48660 50013 62478 74088 76053 88952 89922 91219 101178 102644 109987 117705 118309 132404
22 14323 17869 20220 26906 32414 34003 38142 39943 54077 57856 62179 64807 71770 75421 93455 102953 108354 117514 118806 124163 124936 132003
22 3282 19388 29277 29332 29938 32669 33303 38216 49925 55547 58785 69381 76205 93000 98058 98316 99677 123307 127252 129292 133551 134675
22 1471 1960 3742 5768 19400 19538 31280 33490 46478 66550 67083 77642 87561 88500 90380 99491 99896 108612 119305 120849 121325 127175
22 920 16817 25822 25849 28876 38503 39424 45371 47329 55139 55338 56158 65776 71453 73156 78717 89059 89674 90707 94761 106111 129636
