7 30214 33422 51653 54085 79085 80870 85363
7 9947 39112 45504 57159 60450 75348 99901
7 19777 42987 60468 68814 71238 87636 95506
7 1732 3487 39711 59265 75024 79625 80291
7 15168 21421 46088 58013 69375 75530 88161
