19 7580 16444 18955 22163 23279 23634 25417 27750 34278 36168 46799 66699 99021 112663 114032 114049 117575 119743 126277
19 2183 11952 16335 30268 36369 47240 54759 60571 60867 68731 73314 81594 82284 83434 94332 96374 99287 107965 129510
19 1761 12212 14020 17086 24419 27730 38018 43600 50731 52549 71056 94130 98531 103027 106150 109333 114686 129505 131877
19 5538 6496 10490 13633 37031 44009 47462 49212 52046 85070 87800 99963 101388 103231 109587 116639 119564 120506 122956
19 10592 13213 17249 37142 38438 39176 57931 75840 80980 91223 94293 94913 97154 102328 102642 107107 108967 112194 132316
